// Jest Snapshot v1, https://goo.gl/fbAQLP

exports[`<Logo /> render() renders the component 1`] = `
<Route
  path="\\\\/"
>
  <Component />
</Route>
`;
