// Jest Snapshot v1, https://goo.gl/fbAQLP

exports[`<Navigation /> dispatches event to show the menu Items 1`] = `Array []`;
